{
    "clustering - tsv": {
        "content": [
            {
                "0": [
                    [
                        {
                            "id": "clustering"
                        },
                        "clustering_clustering_distribution_mqc.csv:md5,dc4ff1f6c598621bbb48b667646e3665"
                    ]
                ],
                "1": [
                    "versions.yml:md5,88b6cac847ae3f6da84dbe86c343b4fe"
                ],
                "mqc": [
                    [
                        {
                            "id": "clustering"
                        },
                        "clustering_clustering_distribution_mqc.csv:md5,dc4ff1f6c598621bbb48b667646e3665"
                    ]
                ],
                "versions": [
                    "versions.yml:md5,88b6cac847ae3f6da84dbe86c343b4fe"
                ]
            }
        ],
        "meta": {
            "nf-test": "0.9.2",
            "nextflow": "24.10.5"
        },
        "timestamp": "2025-03-24T12:34:03.02050904"
    },
    "clustering - tsv - stub": {
        "content": [
            {
                "0": [
                    [
                        {
                            "id": "clustering"
                        },
                        "clustering_clustering_distribution_mqc.csv:md5,d41d8cd98f00b204e9800998ecf8427e"
                    ]
                ],
                "1": [
                    "versions.yml:md5,88b6cac847ae3f6da84dbe86c343b4fe"
                ],
                "mqc": [
                    [
                        {
                            "id": "clustering"
                        },
                        "clustering_clustering_distribution_mqc.csv:md5,d41d8cd98f00b204e9800998ecf8427e"
                    ]
                ],
                "versions": [
                    "versions.yml:md5,88b6cac847ae3f6da84dbe86c343b4fe"
                ]
            }
        ],
        "meta": {
            "nf-test": "0.9.2",
            "nextflow": "24.10.5"
        },
        "timestamp": "2025-03-24T12:34:07.675502895"
    }
}